// Jest Snapshot v1, https://goo.gl/fbAQLP

exports[`[Box] Renders default snapshot 1`] = `
<div>
  <div
    class="sc-bdfBwQ itqDgf"
  >
    <p
      class="sc-gsTCUz yjmFn"
    >
      text example1
    </p>
    <p
      class="sc-gsTCUz yjmFn"
    >
      text example2
    </p>
  </div>
</div>
`;
