// Jest Snapshot v1, https://goo.gl/fbAQLP

exports[`[RouteMiddlewareController] Renders a RouteMiddlewareController and throw an error when middlewares array is empty 1`] = `
<div>
  <h1>
    Something went wrong.
  </h1>
</div>
`;

exports[`[RouteMiddlewareController] Renders a RouteMiddlewareController with a Middleware 1`] = `
<div>
  <p>
    Component
  </p>
</div>
`;

exports[`[RouteMiddlewareController] Renders a RouteMiddlewareController with multiple middlewares 1`] = `
<div>
  <p>
    Component
  </p>
</div>
`;
