// Jest Snapshot v1, https://goo.gl/fbAQLP

exports[`[LayoutContent] Input value 1`] = `
<div>
  <div
    class="sc-bdfBwQ ihICCF"
  >
    <div
      class="sc-bdfBwQ zGHSS"
      height="60px"
    >
      <div
        class="ant-row"
        style="width: 100%; height: 100%;"
      >
        <div
          class="ant-col ant-col-4"
        >
          <div
            class="sc-bdfBwQ ikEhXK"
            height="100%"
          >
            <img
              alt="search"
              class="sc-eCssSg kFfXRd"
              src="Logo_ML2x.png"
            />
          </div>
        </div>
        <div
          class="ant-col ant-col-18"
        >
          <div
            class="sc-bdfBwQ ghBguJ"
            height="100%"
            width="auto"
          >
            <input
              class="sc-gsTCUz kHFBDt"
              placeholder="Nunca dejes de buscar"
              type="text"
              value=""
            />
            <button
              class="sc-dlfnbm kFmyZl"
              type="submit"
            >
              <img
                alt="search"
                class="sc-hKgILt irWZxG"
                src="ic_Search2x.png"
              />
            </button>
          </div>
        </div>
      </div>
    </div>
    text example
  </div>
</div>
`;

exports[`[LayoutContent] Renders default snapshot 1`] = `
<div>
  <div
    class="sc-bdfBwQ ihICCF"
  >
    <div
      class="sc-bdfBwQ zGHSS"
      height="60px"
    >
      <div
        class="ant-row"
        style="width: 100%; height: 100%;"
      >
        <div
          class="ant-col ant-col-4"
        >
          <div
            class="sc-bdfBwQ ikEhXK"
            height="100%"
          >
            <img
              alt="search"
              class="sc-eCssSg kFfXRd"
              src="Logo_ML2x.png"
            />
          </div>
        </div>
        <div
          class="ant-col ant-col-18"
        >
          <div
            class="sc-bdfBwQ ghBguJ"
            height="100%"
            width="auto"
          >
            <input
              class="sc-gsTCUz kHFBDt"
              placeholder="Nunca dejes de buscar"
              type="text"
              value=""
            />
            <button
              class="sc-dlfnbm kFmyZl"
              type="submit"
            >
              <img
                alt="search"
                class="sc-hKgILt irWZxG"
                src="ic_Search2x.png"
              />
            </button>
          </div>
        </div>
      </div>
    </div>
    text example
  </div>
</div>
`;
